// Jest Snapshot v1, https://goo.gl/fbAQLP

exports[`TrackInfo Component should render 1`] = `
<div>
  <img
    alt="A track"
    src="https://via.placeholder.com/100"
  />
  <h1>
    A track
  </h1>
  <h2>
    An artist
  </h2>
  <p>
    Price: $
    1.99
  </p>
  <p>
    Runtime: 
    1:20
     - Release Date: 
    Invalid DateTime
  </p>
  <a
    href="https://www.google.com"
    target="_blank"
  >
    <button>
      more details
    </button>
  </a>
</div>
`;
